**********************************************************************
* Exports the board to HyperLynx Signal-Integrity Transfer Format (.HYP)
* Version 2.00 9/11/97 -- 4.17 15/12/2015
*
* EAGLE Version 9.2.2 Copyright (c) 1988-2018 Autodesk, Inc.
*
* HyperLynx Board exported from:
* /home/tyapo/EAGLE/projects/ld_sampling_head/sy88932l_strobe_test.brd
* At 4/12/19 10:55 PM
*
* Schematic is loaded.
*
*
**********************************************************************
* Auto Mapped Reference File for ICs and Us
*
